// Jest Snapshot v1, https://goo.gl/fbAQLP

exports[`components / EmptyContainer.tsx should render correctly 1`] = `
<View
  style={
    Array [
      Object {
        "alignItems": "center",
        "flex": 1,
        "justifyContent": "center",
        "marginHorizontal": 24,
      },
      undefined,
    ]
  }
>
  <View
    style={
      Object {
        "alignItems": "center",
        "borderColor": "#000",
        "borderRadius": 43,
        "borderWidth": 2,
        "height": 86,
        "justifyContent": "center",
        "width": 86,
      }
    }
  >
    <Text
      allowFontScaling={false}
      selectable={false}
      style={
        Array [
          Object {
            "color": "#000",
            "fontSize": 38,
          },
          undefined,
          Object {
            "fontFamily": "Ionicons",
            "fontStyle": "normal",
            "fontWeight": "normal",
          },
          Object {},
        ]
      }
    >
      ï’½
    </Text>
  </View>
  <Text
    style={
      Object {
        "color": "#000",
        "fontSize": 20,
        "marginVertical": 12,
        "textAlign": "center",
      }
    }
  >
    No Weather Data
  </Text>
  <Text
    style={
      Object {
        "color": "#000",
        "textAlign": "center",
      }
    }
  >
    Pull-to-refresh
  </Text>
</View>
`;
